2026-06-01 00:21:23,033 | INFO | __main__ | Predicciones guardadas en outputs\predicciones.csv
2026-06-01 00:24:36,212 | INFO | __main__ | Predicciones guardadas en outputs\predicciones.csv
2026-06-01 00:25:51,049 | INFO | __main__ | Predicciones guardadas en outputs\predicciones.csv
2026-06-01 00:27:16,308 | INFO | __main__ | Predicciones guardadas en outputs\predicciones.csv
2026-06-01 15:06:17,823 | INFO | __main__ | Predicciones guardadas en outputs\predicciones.csv
2026-06-01 15:17:54,712 | INFO | __main__ | Predicciones guardadas en outputs\predicciones_truncado.csv
2026-06-04 21:26:28,400 | INFO | __main__ | Predicciones guardadas en outputs\predicciones_calibradas.csv
2026-06-04 21:31:54,279 | INFO | __main__ | Predicciones guardadas en outputs\predicciones.csv
2026-06-23 15:02:13,663 | INFO | __main__ | Predicciones guardadas en outputs\predicciones.csv
2026-06-23 15:03:37,277 | INFO | __main__ | Predicciones guardadas en outputs\predicciones_pesmaster_check.csv
2026-06-23 15:04:57,694 | INFO | __main__ | Predicciones guardadas en outputs\predicciones.csv
2026-06-23 15:05:23,243 | INFO | __main__ | Predicciones guardadas en outputs\predicciones_pesmaster_check.csv
2026-06-23 22:21:56,387 | INFO | __main__ | Predicciones guardadas en outputs\predicciones.csv
2026-06-23 22:22:03,671 | INFO | __main__ | Predicciones guardadas en outputs\predicciones_pesmaster_check.csv
2026-06-23 22:28:03,163 | INFO | __main__ | Predicciones guardadas en outputs\predicciones.csv
2026-06-23 22:39:07,165 | INFO | __main__ | Predicciones guardadas en outputs\predicciones.csv
2026-06-23 23:35:32,981 | INFO | __main__ | Predicciones guardadas en outputs\predicciones.csv
2026-06-23 23:35:46,453 | INFO | __main__ | Predicciones guardadas en outputs\predicciones_pesmaster_check.csv
2026-06-23 23:36:42,709 | INFO | __main__ | Predicciones guardadas en outputs\anchor_test_output.csv
2026-06-23 23:38:13,310 | INFO | __main__ | Predicciones guardadas en outputs\anchor_test_output.csv
2026-06-24 13:43:53,225 | INFO | __main__ | Predicciones guardadas en outputs\predicciones_profile_test.csv
2026-06-24 13:44:33,477 | INFO | __main__ | Predicciones guardadas en outputs\predicciones_pesmaster_check_profile.csv
2026-06-24 13:45:47,513 | INFO | __main__ | Predicciones guardadas en outputs\predicciones_corregidas.csv
2026-06-24 14:09:35,537 | INFO | __main__ | Predicciones guardadas en outputs\predicciones_ancladas.csv
2026-06-24 14:11:48,162 | INFO | __main__ | Predicciones guardadas en outputs\predicciones_ancladas_v2.csv
2026-06-24 14:12:48,557 | INFO | __main__ | Predicciones guardadas en outputs\predicciones_pesmaster_check_anchored.csv
2026-06-24 14:13:46,281 | INFO | __main__ | Predicciones guardadas en outputs\predicciones_formula_anclada.csv
2026-06-24 14:25:37,525 | INFO | __main__ | Predicciones guardadas en outputs\predicciones_exhaustivas.csv
2026-06-24 14:26:26,281 | INFO | __main__ | Predicciones guardadas en outputs\predicciones_pesmaster_check_exhaustive.csv
2026-06-24 14:28:15,959 | INFO | __main__ | Predicciones guardadas en outputs\predicciones.csv
2026-06-24 14:38:58,850 | INFO | __main__ | Predicciones guardadas en outputs\predicciones.csv
2026-06-24 14:47:26,427 | INFO | __main__ | Predicciones guardadas en outputs\anchor_test_output.csv
2026-06-24 14:48:07,018 | INFO | __main__ | Predicciones guardadas en outputs\predicciones.csv
2026-06-24 14:48:46,870 | INFO | __main__ | Predicciones guardadas en outputs\predicciones_pesmaster_check.csv
2026-06-25 01:00:33,708 | INFO | __main__ | Predicciones guardadas en outputs\predicciones.csv
2026-06-25 01:03:17,849 | INFO | __main__ | Predicciones guardadas en outputs\predicciones.csv
2026-06-25 01:07:10,776 | INFO | __main__ | Predicciones guardadas en outputs\anchor_test_output.csv
